// Jest Snapshot v1, https://goo.gl/fbAQLP

exports[`<Loader /> render should has text 1`] = `
<div
  className="loader"
>
  <p>
    Forecast is loading...
  </p>
</div>
`;
