// Jest Snapshot v1, https://goo.gl/fbAQLP

exports[`<WeatherParam /> render should has name and value 1`] = `
<div
  className="param"
>
  <div
    className="name"
  >
    Temperature
  </div>
  <div
    className="value"
  >
    25
  </div>
</div>
`;
